
> codigo-da-reconquista@1.0.0 build
> vite build

[36mvite v5.4.21 [32mbuilding for production...[36m[39m
transforming...
[32mÔ£ô[39m 1883 modules transformed.
rendering chunks...
computing gzip size...
[2mdist/[22m[32mindex.html                       [39m[1m[2m  1.06 kB[22m[1m[22m[2m Ôöé gzip:   0.57 kB[22m
[2mdist/[22m[35massets/index-Bu0YLmSO.css        [39m[1m[2m106.28 kB[22m[1m[22m[2m Ôöé gzip:  17.39 kB[22m
[2mdist/[22m[36massets/react-vendor-BF3SIHgK.js  [39m[1m[2m141.87 kB[22m[1m[22m[2m Ôöé gzip:  45.60 kB[22m
[2mdist/[22m[36massets/index-BaqzHp6Y.js         [39m[1m[33m607.24 kB[39m[22m[2m Ôöé gzip: 173.96 kB[22m
node.exe : [33m
At line:1 char:1
+ & "C:\Program Files\nodejs/node.exe" "C:\Users\OficeLinkComputer\AppD ...
+ ~~~~~~~~~~~~~~~~~~~~~~~~~~~~~~~~~~~~~~~~~~~~~~~~~~~~~~~~~~~~~~~~~~~~~
    + CategoryInfo          : NotSpecified: ([33m:String) [], RemoteException
    + FullyQualifiedErrorId : NativeCommandError
 
(!) Some chunks are larger than 500 kB after minification. Consider:
- Using dynamic import() to code-split the application
- Use build.rollupOptions.output.manualChunks to improve chunking: https://rollupjs.org/configuration-options/#output-manualchunks
- Adjust chunk size limit for this warning via build.chunkSizeWarningLimit.[39m
[32mÔ£ô built in 1m[39m
